 آن  اٹھائے ارنسٹ اذ از  انخلاء  اندروری  انس  انعاکس  اون اون)  ایٹا   ایکس ایمپئیر ایمپیئر بالقل بالکل برقرار برقہ برقی بلنتر بلندتر بمدد بیٹا پٹل پٹی  پچلی پچھلی پوئسن  پیچے  تتکمل  ترچھی ترچہ ترچی ترخیم  تعرف  تقطیر  تکلہ تکملوں تلازمی تھیٹا  تونائی  ٹہراتے  ٹینجنٹ  چرج  چڑاتے چڑھا چنا چنتے چند چننا چننی  چھڑانے چھوئنگے چھوئیں  چہچہاہٹ دباؤ در درامد دکھیلے  ذوبرق ڈبی ڈبیا ڈبیہ  ڈھوبا ڈھوبے ڈوبے  ڈیش ڈیل ڈیلٹا  راستا راستہ رداسیسطح  ریاضیاتی  ریل زیاع زیڈ  زیرنوشت سپردار  سطح  سطحہ سطحوںسطحے سطہ سیلکان صحہ  علحدگی عمومی عموی فائے  فیرائٹ قمر  قے  کروہ کوارٹس  کوبالٹ  کیں  گاڑھی گاڑی گاوس  گیما گیں لکتے لینز لیوپولڈ  مالپ  مخفف مخفففی مخففی مخفی مڑ مڑتی مڑےمقطر مقنااطیسی  مقنقطیسی  مولولہ  میوج  نکلتی نکلتے نکلنی نکلنے نہات نیبلا ہرمن ہلم  ہمسرہنسن  ہوس ہولٹز  ہینڈرک  و وائے وان  ورنر ون  ووڈیارڈ  ویو 
